39.66.164.49 - - [03/Dec/2018:13:10:29 +0800] "GET /api/1/water/withOutToken/getWaterAppConfig?appCode=2&channel=dispenser_userApp_Android&sign=0ffd1e285bb36678b97cfb66a78496f2 HTTP/1.1" 200 1138 "-" "okhttp/3.10.0" "0.044" -
39.66.164.49 - - [03/Dec/2018:13:10:30 +0800] "GET /api/1/water/app/waterPoints/getPoint?appCode=2&timestamp=2018-12-03%2013%3A10%3A30&token= HTTP/1.1" 200 100 "-" "okhttp/3.10.0" "0.038" -
39.66.164.49 - - [03/Dec/2018:13:10:30 +0800] "GET /api/1/water/app/powerStationRelation/getByMemberId?appCode=2&memberId=-1&timestamp=2018-12-03%2013%3A10%3A30&token= HTTP/1.1" 200 100 "-" "okhttp/3.10.0" "0.037" -
39.66.164.49 - - [03/Dec/2018:13:10:30 +0800] "GET /api/1/water/appLogin/checkApkVersion?appCode=2&channel=dispenser_userApp_Android&sign=871b77b3d9cf374816b01c4b1d374305&timestamp=2018-12-03%2013%3A10%3A31&versionCode=61 HTTP/1.1" 200 315 "-" "okhttp/3.10.0" "0.046" -
117.136.90.187 - - [03/Dec/2018:13:10:30 +0800] "GET /api/1/water/app/waterPoints/getPoint?appCode=2&timestamp=2018-12-03%2013%3A10%3A29&token=DbEpNPa0dgbOC5KN0M8omEfnr8iqjA6mc7XJdQ83tBM7S0873WhRg6uJXScq1vQLFS0kagl7zT%2Fl%0A5l9A%2FKymFr4BQt%2FYrdI1MKKtaVVo82WLoYLBjryiLbh7%2BiSHWTK8 HTTP/1.1" 200 164 "-" "okhttp/3.10.0" "0.086" -
39.66.164.49 - - [03/Dec/2018:13:10:30 +0800] "GET /api/1/water/app/powerStationRelation/getByMemberId?appCode=2&memberId=-1&timestamp=2018-12-03%2013%3A10%3A31&token= HTTP/1.1" 200 100 "-" "okhttp/3.10.0" "0.038" -
117.136.90.187 - - [03/Dec/2018:13:10:30 +0800] "GET /api/1/water/appLogin/checkApkVersion?appCode=2&channel=dispenser_userApp_Android&sign=8f32f2f78353fc8fdabc351a6dd51bf7&timestamp=2018-12-03%2013%3A10%3A29&versionCode=65 HTTP/1.1" 200 315 "-" "okhttp/3.10.0" "0.046" -
117.136.90.187 - - [03/Dec/2018:13:10:30 +0800] "GET /api/1/water/app/waterMemberInfo/getMemberRank?appCode=2&memberId=28360913&timestamp=2018-12-03%2013%3A10%3A29&token=DbEpNPa0dgbOC5KN0M8omEfnr8iqjA6mc7XJdQ83tBM7S0873WhRg6uJXScq1vQLFS0kagl7zT%2Fl%0A5l9A%2FKymFr4BQt%2FYrdI1MKKtaVVo82WLoYLBjryiLbh7%2BiSHWTK8 HTTP/1.1" 200 75 "-" "okhttp/3.10.0" "0.084" -
117.136.90.187 - - [03/Dec/2018:13:10:31 +0800] "GET /api/1/water/app/waterPoints/getPoint?appCode=2&timestamp=2018-12-03%2013%3A10%3A30&token=DbEpNPa0dgbOC5KN0M8omEfnr8iqjA6mc7XJdQ83tBM7S0873WhRg6uJXScq1vQLFS0kagl7zT%2Fl%0A5l9A%2FKymFr4BQt%2FYrdI1MKKtaVVo82WLoYLBjryiLbh7%2BiSHWTK8 HTTP/1.1" 200 164 "-" "okhttp/3.10.0" "0.084" -
113.127.194.157 - - [03/Dec/2018:13:10:31 +0800] "GET /api/1/water/app/waterPoints/getPoint?appCode=2&sign=be158de4a8448d697fc390fb011cd132&timestamp=2018-12-03%2013%3A10%3A31&token=DbEpNPa0dgbOC5KN0M8omEfnr8iqjA6mc7XJdQ83tBMG4hBRR2syKDbgeWgeveN2OlMeeH%2BsDo4h%0AaLVTzFoXFz45Na%2BQsf1sVpIJxR5Y1BRQQAPbFN0pkjpAUGUZfvCH HTTP/1.1" 200 164 "-" "DispenserClient/3.3.3 (iPhone; iOS 12.1; Scale/3.00)" "0.086" -
113.127.194.157 - - [03/Dec/2018:13:10:31 +0800] "GET /api/1/water/app/waterMemberInfo/getMemberRank?appCode=2&memberId=28370881&sign=4ec4db16198b4b3ab98815f09d78976f&timestamp=2018-12-03%2013%3A10%3A31&token=DbEpNPa0dgbOC5KN0M8omEfnr8iqjA6mc7XJdQ83tBMG4hBRR2syKDbgeWgeveN2OlMeeH%2BsDo4h%0AaLVTzFoXFz45Na%2BQsf1sVpIJxR5Y1BRQQAPbFN0pkjpAUGUZfvCH HTTP/1.1" 200 75 "-" "DispenserClient/3.3.3 (iPhone; iOS 12.1; Scale/3.00)" "0.081" -
113.127.194.157 - - [03/Dec/2018:13:10:31 +0800] "GET /api/1/water/app/waterMemberInfo/getMemberLevel?appCode=2&channel=dispenser_userApp_ios&memberId=28370881&sign=7e0f0b82c6bf2e8a2fb206856cfcb628&timestamp=2018-12-03%2013%3A10%3A31&token=DbEpNPa0dgbOC5KN0M8omEfnr8iqjA6mc7XJdQ83tBMG4hBRR2syKDbgeWgeveN2OlMeeH%2BsDo4h%0AaLVTzFoXFz45Na%2BQsf1sVpIJxR5Y1BRQQAPbFN0pkjpAUGUZfvCH HTTP/1.1" 200 1762 "-" "DispenserClient/3.3.3 (iPhone; iOS 12.1; Scale/3.00)" "0.115" -
115.58.106.140 - - [03/Dec/2018:13:10:31 +0800] "GET /api/1/water/withOutToken/getAdvertImg?appCode=1&channel=dispenser_manageApp_Android&sign=ac63617520fe8dae76bc2156245ebfb9&timestamp=2018-12-03%2013%3A10%3A30&type=1 HTTP/1.1" 200 271 "-" "okhttp/3.10.0" "0.044" -
114.237.102.213 - - [03/Dec/2018:13:10:33 +0800] "GET /api/1/water/appLogin/getMallUrl?appCode=1&channel=dispenser_manageApp_Android&sign=90b3bebee5827a9f9c3ea39484951953&timestamp=2018-12-03%2013%3A10%3A35&type=5 HTTP/1.1" 200 140 "-" "okhttp/3.10.0" "0.041" -
114.237.102.213 - - [03/Dec/2018:13:10:33 +0800] "GET /api/1/water/app/waterEarnPoints/getUnCompleteNum?appCode=1&memberId=26797545&timestamp=2018-12-03%2013%3A10%3A35&token=e7CPy9uVSdElaOL7Z9M3b4MebuFfL1iX2Qf8yuEV1UQhLpGetwnXaOCtqLyTi%2Ftdn7JxX9EB5rbX%0ALEmsV%2BkN%2Fb78Y5pw4ylkiiCweVh2kENn27EwkTIUDncEZZe91Ulr HTTP/1.1" 200 55 "-" "okhttp/3.10.0" "0.324" -
113.127.82.205 - - [03/Dec/2018:13:10:33 +0800] "GET /api/1/water/app/waterDispenserOperator/getExamCode?appCode=1&timestamp=2018-12-03%2013%3A10%3A33&token=e7CPy9uVSdElaOL7Z9M3b4MebuFfL1iX2Qf8yuEV1UQtMURpCIkt96rGwppypDjG4tOaod9beJA4%0ASzjvfFLOR9wrhdpqVU3RbvFOoDpPDaq7%2FNr7XkfKoOAtEY8Z7POW HTTP/1.1" 200 185 "-" "okhttp/3.10.0" "0.080" -
39.84.69.22 - - [03/Dec/2018:13:10:33 +0800] "GET /api/1/water/app/waterActivity/getWaterActivityListNew?appCode=1&appType=0&businessType=2&timestamp=2018-12-03%2013%3A10%3A33&token=e7CPy9uVSdElaOL7Z9M3b4MebuFfL1iX2Qf8yuEV1UR%2BAQAhQ6gnYz6%2Ff7ekw%2FHw4I1iyrBizanR%0Amx3K1aBmMo7BlRogr7tHTLEdn9%2BA8r0HR33JH%2BjGKLJwpNK2OsZV HTTP/1.1" 200 1697 "-" "okhttp/3.10.0" "0.099" -
113.127.82.205 - - [03/Dec/2018:13:10:33 +0800] "GET /api/1/water/app/waterReportOperatorInfo/getHomeRanking?appCode=1&operatorId=2539&timestamp=2018-12-03%2013%3A10%3A33&token=e7CPy9uVSdElaOL7Z9M3b4MebuFfL1iX2Qf8yuEV1UQtMURpCIkt96rGwppypDjG4tOaod9beJA4%0ASzjvfFLOR9wrhdpqVU3RbvFOoDpPDaq7%2FNr7XkfKoOAtEY8Z7POW HTTP/1.1" 200 619 "-" "okhttp/3.10.0" "0.231" -
112.38.195.132 - - [03/Dec/2018:13:10:33 +0800] "GET /api/1/water/withOutToken/getWaterAppConfig?appCode=2&channel=dispenser_userApp_Android&sign=0ffd1e285bb36678b97cfb66a78496f2 HTTP/1.1" 200 1138 "-" "okhttp/3.10.0" "0.043" -
112.252.104.200 - - [03/Dec/2018:13:10:34 +0800] "GET /api/1/water/app/waterCommunity/home?appCode=1&channel=dispenser_manageApp_Android&memberId=27075013&sign=a8941a23b2dc5cb4892f91d530ab6922&timestamp=2018-12-03%2013:10:31 HTTP/1.1" 200 5984 "-" "okhttp/3.9.1" "0.361" -
106.2.232.186 - - [03/Dec/2018:13:10:34 +0800] "GET /api/1/water/appLogin/checkApkVersion?appCode=1&channel=dispenser_manageApp_Android&sign=c82ccbf327ec0949dec165a8a7ed6166&timestamp=2018-12-03%2013%3A10%3A35&versionCode=154 HTTP/1.1" 200 55 "-" "okhttp/3.10.0" "0.046" -
112.252.104.200 - - [03/Dec/2018:13:10:34 +0800] "GET /api/1/water/app/waterCommunity/messageList?appCode=1&channel=dispenser_manageApp_Android&memberId=27075013&pageNo=1&pageSize=10&sign=15ca4abeca5ba6ea88fddb752f30a895&timestamp=2018-12-03%2013:10:31&type=2 HTTP/1.1" 200 75 "-" "okhttp/3.9.1" "0.721" -
223.91.20.0 - - [03/Dec/2018:13:10:34 +0800] "GET /api/1/water/app/waterCard/queryMember?appCode=1&cardNoOrAlias=&operatorId=7057&pageIndex=1&pageSize=10&timestamp=2018-12-03%2013%3A10%3A33&token=e7CPy9uVSdElaOL7Z9M3b4MebuFfL1iX2Qf8yuEV1USMUoI2wam%2B16pXbExOG69O9BHHOS6sGvG%2B%0A5ZambRZ1pCq8Deobf5TQmE3VrU5jVNPMK9vwUdmEz8FoesRWwsRV&type=2 HTTP/1.1" 200 1612 "-" "okhttp/3.10.0" "0.120" -
106.2.232.186 - - [03/Dec/2018:13:10:35 +0800] "GET /api/1/water/app/waterEarnPoints/getUnCompleteNum?appCode=1&memberId=28018749&timestamp=2018-12-03%2013%3A10%3A35&token=e7CPy9uVSdElaOL7Z9M3b4MebuFfL1iX2Qf8yuEV1UQBINcYFfXIOjFbnJ5Bmd9bD5FkmSA%2BnIIK%0AbML%2BEFTyrYmDgrb%2FUufButuac1JNKbVjtMAk06LipfHDmj%2BG9pw7 HTTP/1.1" 200 55 "-" "okhttp/3.10.0" "0.473" -
112.252.104.200 - - [03/Dec/2018:13:10:35 +0800] "GET /api/1/water/app/waterCommunity/recommend?appCode=1&memberId=27075013&num=3&timestamp=2018-12-03%2013:10:33&token=e7CPy9uVSdElaOL7Z9M3b4MebuFfL1iX2Qf8yuEV1USuJVCALU4UsWi2JMmnD/vFL4n44td3NnIu%0AbfmLMPP23FBZbvsKzRrIT3p7j%2BXE43YgKaMz1D%2B11dbcWGOxlQ1Q HTTP/1.1" 200 1483 "-" "okhttp/3.9.1" "0.277" -
183.198.221.20 - - [03/Dec/2018:13:10:36 +0800] "GET /api/1/water/withOutToken/getAdvertImg?appCode=1&channel=dispenser_manageApp_Android&sign=ced4aa3676ba862fdb8ae2bca9defce1&timestamp=2018-12-03%2013%3A10%3A25&type=1 HTTP/1.1" 200 271 "-" "okhttp/3.10.0" "0.049" -
115.58.106.140 - - [03/Dec/2018:13:10:36 +0800] "GET /api/1/water/appLogin/checkApkVersion?appCode=1&channel=dispenser_manageApp_Android&sign=6005ad764fd27cdeef4d492980bf46a5&timestamp=2018-12-03%2013%3A10%3A35&versionCode=145 HTTP/1.1" 200 336 "-" "okhttp/3.10.0" "0.045" -
223.104.186.199 - - [03/Dec/2018:13:10:36 +0800] "GET /api/1/water/app/waterDispenserOperator/getOperatorOrderNum?appCode=1&memberId=27136395&operatorId=28977&timestamp=2018-12-03%2013%3A10%3A13&token=e7CPy9uVSdElaOL7Z9M3b4MebuFfL1iX2Qf8yuEV1USgUUIU%2Fjk3SciEymP12P24wJuTBM6%2Fnnwp%0A5D3jiUBQ%2FANxlzD2dtPcz%2BnvOdOuK1UYuPnHEw32so44u0fs%2Bvrl HTTP/1.1" 200 229 "-" "okhttp/3.10.0" "0.921" -
111.35.223.211 - - [03/Dec/2018:13:10:36 +0800] "GET /api/1/water/app/waterFilter/getApplyList?appCode=1&dispenserNo=11201632&pageIndex=1&pageSize=10&timestamp=2018-12-03%2013%3A11%3A13&token=e7CPy9uVSdElaOL7Z9M3b4MebuFfL1iX2Qf8yuEV1USWQQOwE2l3JxpBAMMLfbQDCIqqYjKHTGbb%0AAipfpzIPkL1fgKdAbRJEMi8F%2FNMUsqRrbb%2BkKuSla5DwM%2Fgulu4S HTTP/1.1" 200 490 "-" "okhttp/3.10.0" "0.229" -
115.58.106.140 - - [03/Dec/2018:13:10:36 +0800] "POST /api/1/water/app/waterPointsOperator/earnPointsForOperator?appCode=1&code=1-1-01&memberId=0&timestamp=2018-12-03%2013%3A10%3A35&token=e7CPy9uVSdElaOL7Z9M3b4MebuFfL1iX2Qf8yuEV1UTf8ogJInDDUNd5bqPbWt8CfmovKJG3GGjU%0A0zw4PhHWM6Panh8tzlKJIAI8hrWX%2BkgAnHhNIuSmIhIVnVSp97bk HTTP/1.1" 200 100 "-" "okhttp/3.10.0" "0.077" -
115.58.106.140 - - [03/Dec/2018:13:10:36 +0800] "GET /api/1/water/app/waterEarnPoints/getUnCompleteNum?appCode=1&memberId=26407761&timestamp=2018-12-03%2013%3A10%3A35&token=e7CPy9uVSdElaOL7Z9M3b4MebuFfL1iX2Qf8yuEV1UTf8ogJInDDUNd5bqPbWt8CfmovKJG3GGjU%0A0zw4PhHWM6Panh8tzlKJIAI8hrWX%2BkgAnHhNIuSmIhIVnVSp97bk HTTP/1.1" 200 100 "-" "okhttp/3.10.0" "0.075" -
1.198.47.129 - - [03/Dec/2018:13:10:36 +0800] "GET /api/1/water/withOutToken/getAdvertImg?appCode=1&channel=dispenser_manageApp_Android&sign=ffeffb482dd2b3bcf022dbb8e92e9b78&timestamp=2018-12-03%2013%3A10%3A35&type=1 HTTP/1.1" 200 271 "-" "okhttp/3.10.0" "0.044" -
111.37.184.55 - - [03/Dec/2018:13:10:37 +0800] "GET /api/1/water/app/powerStationRelation/getByMemberId?appCode=2&memberId=28380249&timestamp=2018-12-03%2013%3A10%3A37&token=DbEpNPa0dgbOC5KN0M8omEfnr8iqjA6mc7XJdQ83tBPn2vXuMx5Ez%2FwQVkznr07kSk7V4Eze%2B8XN%0Any3Lne4EblRVok%2BYTkc2h63yBKdCVAGVJCALIQF2MiZqFi5kQoQb HTTP/1.1" 200 55 "-" "okhttp/3.10.0" "0.087" -
111.162.131.94 - - [03/Dec/2018:13:10:37 +0800] "GET /api/1/water/app/waterDispenserOperator/getExamCode?appCode=1&token=e7CPy9uVSdElaOL7Z9M3b4MebuFfL1iX2Qf8yuEV1UTjMqxb4BRNKIEIRzQ7xLwpn3NPznOHY3XC%0AbtgcIOeG862%2BGSO970lzHHFHNpiw%2FNLTLGV4o34zQTEDsQ5J4tUL&timestamp=2018-12-03%2013%3A10%3A36 HTTP/1.1" 200 185 "-" "okhttp/3.10.0" "0.082" -
106.2.232.186 - - [03/Dec/2018:13:10:37 +0800] "GET /api/1/water/withOutToken/operatorHomePage?appCode=1&channel=dispenser_manageApp_Android&regionCode=410526&sign=4e58caabe937411a399403a48655794e&timestamp=2018-12-03%2013%3A10%3A38 HTTP/1.1" 200 11067 "-" "okhttp/3.10.0" "0.178" -
117.136.62.221 - - [03/Dec/2018:13:10:37 +0800] "GET /api/1/water/app/waterMemberInfo/getMemberRank?appCode=2&memberId=0&timestamp=2018-12-03%2013%3A10%3A32&token= HTTP/1.1" 200 100 "-" "okhttp/3.10.0" "0.038" -
113.127.82.205 - - [03/Dec/2018:13:10:38 +0800] "GET /api/1/water/app/waterAppMessage/getMessageList?appCode=1&memberId=26287359&pageNo=1&pageSize=10&timestamp=2018-12-03%2013%3A10%3A37&token=e7CPy9uVSdElaOL7Z9M3b4MebuFfL1iX2Qf8yuEV1UQtMURpCIkt96rGwppypDjG4tOaod9beJA4%0ASzjvfFLOR9wrhdpqVU3RbvFOoDpPDaq7%2FNr7XkfKoOAtEY8Z7POW HTTP/1.1" 200 4687 "-" "okhttp/3.10.0" "0.482" -
106.2.232.186 - - [03/Dec/2018:13:10:38 +0800] "GET /api/1/water/app/waterCard/queryMember?appCode=1&cardNoOrAlias=&operatorId=94271&pageIndex=1&pageSize=10&timestamp=2018-12-03%2013%3A10%3A39&token=e7CPy9uVSdElaOL7Z9M3b4MebuFfL1iX2Qf8yuEV1UQBINcYFfXIOjFbnJ5Bmd9bD5FkmSA%2BnIIK%0AbML%2BEFTyrYmDgrb%2FUufButuac1JNKbVjtMAk06LipfHDmj%2BG9pw7&type=1 HTTP/1.1" 200 100 "-" "okhttp/3.10.0" "0.092" -
106.2.232.186 - - [03/Dec/2018:13:10:38 +0800] "GET /api/1/water/app/waterCard/queryMember?appCode=1&cardNoOrAlias=&operatorId=94271&pageIndex=1&pageSize=10&timestamp=2018-12-03%2013%3A10%3A39&token=e7CPy9uVSdElaOL7Z9M3b4MebuFfL1iX2Qf8yuEV1UQBINcYFfXIOjFbnJ5Bmd9bD5FkmSA%2BnIIK%0AbML%2BEFTyrYmDgrb%2FUufButuac1JNKbVjtMAk06LipfHDmj%2BG9pw7&type=3 HTTP/1.1" 200 5206 "-" "okhttp/3.10.0" "0.103" -
111.162.131.94 - - [03/Dec/2018:13:10:38 +0800] "GET /api/1/water/app/waterDispenserOperator/getOperatorOrderNum?appCode=1&memberId=23279667&operatorId=185&timestamp=2018-12-03%2013%3A10%3A36&token=e7CPy9uVSdElaOL7Z9M3b4MebuFfL1iX2Qf8yuEV1UTjMqxb4BRNKIEIRzQ7xLwpn3NPznOHY3XC%0AbtgcIOeG862%2BGSO970lzHHFHNpiw%2FNLTLGV4o34zQTEDsQ5J4tUL HTTP/1.1" 200 250 "-" "okhttp/3.10.0" "1.234" -
113.127.82.205 - - [03/Dec/2018:13:10:39 +0800] "GET /api/1/water/app/waterDispenserOperator/getExamCode?appCode=1&timestamp=2018-12-03%2013%3A10%3A39&token=e7CPy9uVSdElaOL7Z9M3b4MebuFfL1iX2Qf8yuEV1UQtMURpCIkt96rGwppypDjG4tOaod9beJA4%0ASzjvfFLOR9wrhdpqVU3RbvFOoDpPDaq7%2FNr7XkfKoOAtEY8Z7POW HTTP/1.1" 200 185 "-" "okhttp/3.10.0" "0.080" -
119.251.129.253 - - [03/Dec/2018:13:10:39 +0800] "GET /api/1/water/app/waterCommunity/messageList?appCode=1&channel=dispenser_manageApp_Android&latitude=38.450973&longitude=116.555235&memberId=28048283&pageNo=1&pageSize=10&sign=915e8a8ab6af523b5f095642cf45ac41&timestamp=2018-12-03%2013%3A10%3A21&token=e7CPy9uVSdElaOL7Z9M3b4MebuFfL1iX2Qf8yuEV1USZyjTIK6boqALXxKZkAAH%2Fr2XTWeuClyGI%0AR3Bds5zoWIXij0lXq8H8l0ZNBVJ%2B6SzxpXqEuAlszg7CJltSIQ55&type=3 HTTP/1.1" 200 5854 "-" "okhttp/3.10.0" "4.094" -
113.127.82.205 - - [03/Dec/2018:13:10:39 +0800] "GET /api/1/water/app/waterReportOperatorInfo/getHomeRanking?appCode=1&operatorId=2539&timestamp=2018-12-03%2013%3A10%3A39&token=e7CPy9uVSdElaOL7Z9M3b4MebuFfL1iX2Qf8yuEV1UQtMURpCIkt96rGwppypDjG4tOaod9beJA4%0ASzjvfFLOR9wrhdpqVU3RbvFOoDpPDaq7%2FNr7XkfKoOAtEY8Z7POW HTTP/1.1" 200 619 "-" "okhttp/3.10.0" "0.238" -
111.162.131.94 - - [03/Dec/2018:13:10:39 +0800] "GET /api/1/water/app/waterDispenserOperator/getOperatorOrderNum?appCode=1&memberId=23279667&operatorId=185&timestamp=2018-12-03%2013%3A10%3A36&token=e7CPy9uVSdElaOL7Z9M3b4MebuFfL1iX2Qf8yuEV1UTjMqxb4BRNKIEIRzQ7xLwpn3NPznOHY3XC%0AbtgcIOeG862%2BGSO970lzHHFHNpiw%2FNLTLGV4o34zQTEDsQ5J4tUL HTTP/1.1" 200 250 "-" "okhttp/3.10.0" "2.069" -
115.58.106.140 - - [03/Dec/2018:13:10:39 +0800] "GET /api/1/water/withOutToken/operatorHomePage?appCode=1&channel=dispenser_manageApp_Android&regionCode=411421&sign=06eec9593cdc496f5f275a0ac5715969&timestamp=2018-12-03%2013%3A10%3A38 HTTP/1.1" 200 11074 "-" "okhttp/3.10.0" "0.290" -
112.38.58.227 - - [03/Dec/2018:13:10:39 +0800] "GET /api/1/water/withOutToken/getAdvertImg?appCode=1&channel=dispenser_manageApp_Android&sign=8c0ab293139494c0ff97e5346f96d402&timestamp=2018-12-03%2013%3A11%3A16&type=1 HTTP/1.1" 200 271 "-" "okhttp/3.10.0" "0.052" -
111.37.184.55 - - [03/Dec/2018:13:10:40 +0800] "GET /api/1/water/app/waterPoints/getPointDetailList?appCode=2&token=DbEpNPa0dgbOC5KN0M8omEfnr8iqjA6mc7XJdQ83tBPn2vXuMx5Ez%2FwQVkznr07kSk7V4Eze%2B8XN%0Any3Lne4EblRVok%2BYTkc2h63yBKdCVAGVJCALIQF2MiZqFi5kQoQb&timestamp=2018-12-03%2013%3A10%3A40&pointType=1&pageIndex=1&pageSize=20 HTTP/1.1" 200 425 "-" "okhttp/3.10.0" "0.097" -
58.16.126.81 - - [03/Dec/2018:13:10:40 +0800] "GET /api/1/water/appLogin/checkApkVersion?appCode=2&channel=dispenser_userApp_Android&sign=2c5ff479b33008ccce5b0044b023c88a&timestamp=2018-12-03%2013%3A10%3A40&versionCode=66 HTTP/1.1" 200 55 "-" "okhttp/3.10.0" "0.044" -
111.37.184.55 - - [03/Dec/2018:13:10:40 +0800] "GET /api/1/water/app/waterPoints/getPointDetailList?appCode=2&token=DbEpNPa0dgbOC5KN0M8omEfnr8iqjA6mc7XJdQ83tBPn2vXuMx5Ez%2FwQVkznr07kSk7V4Eze%2B8XN%0Any3Lne4EblRVok%2BYTkc2h63yBKdCVAGVJCALIQF2MiZqFi5kQoQb&timestamp=2018-12-03%2013%3A10%3A40&pointType=2&pageIndex=1&pageSize=20 HTTP/1.1" 200 425 "-" "okhttp/3.10.0" "0.096" -
112.252.104.200 - - [03/Dec/2018:13:10:40 +0800] "GET /api/1/water/app/waterCommunity/messageList?appCode=1&channel=dispenser_manageApp_Android&latitude=37.457258&longitude=117.815687&memberId=27075013&pageNo=1&pageSize=10&sign=05200a59db346e86712a9b0f215522fb&timestamp=2018-12-03%2013:10:35&token=e7CPy9uVSdElaOL7Z9M3b4MebuFfL1iX2Qf8yuEV1USuJVCALU4UsWi2JMmnD/vFL4n44td3NnIu%0AbfmLMPP23FBZbvsKzRrIT3p7j%2BXE43YgKaMz1D%2B11dbcWGOxlQ1Q&type=3 HTTP/1.1" 200 4991 "-" "okhttp/3.9.1" "3.255" -
58.16.126.81 - - [03/Dec/2018:13:10:40 +0800] "GET /api/1/water/app/powerStationRelation/getByMemberId?appCode=2&memberId=27981933&timestamp=2018-12-03%2013%3A10%3A40&token=DbEpNPa0dgbOC5KN0M8omEfnr8iqjA6mc7XJdQ83tBNgMDgWhjmamY77XbOOoYuMLVrjHTq38Z2l%0Ax94Er355VTkB874Gvxcfr%2Fn%2B04PS5YoamYFwsQmU93r2uDIPU94A HTTP/1.1" 200 55 "-" "okhttp/3.10.0" "0.081" -
58.16.126.81 - - [03/Dec/2018:13:10:40 +0800] "GET /api/1/water/app/waterPoints/waterPointsEarn?appCode=2&pointType=04&timestamp=2018-12-03%2013%3A10%3A40&token=DbEpNPa0dgbOC5KN0M8omEfnr8iqjA6mc7XJdQ83tBNgMDgWhjmamY77XbOOoYuMLVrjHTq38Z2l%0Ax94Er355VTkB874Gvxcfr%2Fn%2B04PS5YoamYFwsQmU93r2uDIPU94A HTTP/1.1" 200 100 "-" "okhttp/3.10.0" "0.082" -
111.162.131.94 - - [03/Dec/2018:13:10:41 +0800] "GET /api/1/water/app/waterPointsOperator/getOperatorPoints?appCode=1&memberId=23279667&timestamp=2018-12-03%2013%3A10%3A39&token=e7CPy9uVSdElaOL7Z9M3b4MebuFfL1iX2Qf8yuEV1UTjMqxb4BRNKIEIRzQ7xLwpn3NPznOHY3XC%0AbtgcIOeG862%2BGSO970lzHHFHNpiw%2FNLTLGV4o34zQTEDsQ5J4tUL HTTP/1.1" 200 164 "-" "okhttp/3.10.0" "0.089" -
111.162.131.94 - - [03/Dec/2018:13:10:41 +0800] "GET /api/1/water/app/waterPointProducts/productsList?appCode=1&channel=dispenser_manageApp_Android&memberId=23279667&pageNo=1&pageSize=10&timestamp=2018-12-03%2013%3A10%3A39&token=e7CPy9uVSdElaOL7Z9M3b4MebuFfL1iX2Qf8yuEV1UTjMqxb4BRNKIEIRzQ7xLwpn3NPznOHY3XC%0AbtgcIOeG862%2BGSO970lzHHFHNpiw%2FNLTLGV4o34zQTEDsQ5J4tUL HTTP/1.1" 200 4212 "-" "okhttp/3.10.0" "0.463" -
60.223.153.49 - - [03/Dec/2018:13:10:42 +0800] "GET /api/1/water/withOutToken/getWaterAppConfig?appCode=2&channel=dispenser_userApp_Android&sign=0ffd1e285bb36678b97cfb66a78496f2 HTTP/1.1" 200 1138 "-" "okhttp/3.10.0" "0.044" -
1.198.47.129 - - [03/Dec/2018:13:10:42 +0800] "GET /api/1/water/appLogin/checkApkVersion?appCode=1&channel=dispenser_manageApp_Android&sign=7d6718cd0cbf1e8433644ba5548a9734&timestamp=2018-12-03%2013%3A10%3A40&versionCode=154 HTTP/1.1" 200 55 "-" "okhttp/3.10.0" "0.044" -
1.198.47.129 - - [03/Dec/2018:13:10:42 +0800] "GET /api/1/water/appLogin/getMallUrl?appCode=1&channel=dispenser_manageApp_Android&sign=b2e6199941d750133fb682b4f1656d4e&timestamp=2018-12-03%2013%3A10%3A40&type=5 HTTP/1.1" 200 140 "-" "okhttp/3.10.0" "0.041" -
1.198.47.129 - - [03/Dec/2018:13:10:42 +0800] "GET /api/1/water/app/waterEarnPoints/getUnCompleteNum?appCode=1&memberId=28182661&timestamp=2018-12-03%2013%3A10%3A40&token=e7CPy9uVSdElaOL7Z9M3b4MebuFfL1iX2Qf8yuEV1UQXerm8cE31hB%2BPSLwoBODIQm3MYflujSlR%0A5kyu8X9OHRTGaNehsPzLGQNjA%2BKjYzwCUihJaiGs%2FI9OGxDWvZsF HTTP/1.1" 200 55 "-" "okhttp/3.10.0" "0.311" -
1.198.47.129 - - [03/Dec/2018:13:10:43 +0800] "GET /api/1/water/app/waterDispenserOperator/getExamCode?appCode=1&token=e7CPy9uVSdElaOL7Z9M3b4MebuFfL1iX2Qf8yuEV1UQXerm8cE31hB%2BPSLwoBODIQm3MYflujSlR%0A5kyu8X9OHRTGaNehsPzLGQNjA%2BKjYzwCUihJaiGs%2FI9OGxDWvZsF&timestamp=2018-12-03%2013%3A10%3A42 HTTP/1.1" 200 185 "-" "okhttp/3.10.0" "0.080" -
1.198.47.129 - - [03/Dec/2018:13:10:43 +0800] "GET /api/1/water/app/waterReportOperatorInfo/getHomeRanking?appCode=1&operatorId=114109&timestamp=2018-12-03%2013%3A10%3A42&token=e7CPy9uVSdElaOL7Z9M3b4MebuFfL1iX2Qf8yuEV1UQXerm8cE31hB%2BPSLwoBODIQm3MYflujSlR%0A5kyu8X9OHRTGaNehsPzLGQNjA%2BKjYzwCUihJaiGs%2FI9OGxDWvZsF HTTP/1.1" 200 619 "-" "okhttp/3.10.0" "0.167" -
183.198.221.20 - - [03/Dec/2018:13:10:43 +0800] "GET /api/1/water/appLogin/checkApkVersion?appCode=1&channel=dispenser_manageApp_Android&sign=8d5e2f50acc28e05777900455546fb38&timestamp=2018-12-03%2013%3A10%3A33&versionCode=143 HTTP/1.1" 200 336 "-" "okhttp/3.10.0" "0.049" -
183.198.221.20 - - [03/Dec/2018:13:10:43 +0800] "GET /api/1/water/appLogin/getMallUrl?appCode=1&channel=dispenser_manageApp_Android&sign=6ffb3308245b053578d2b75ddaeb1242&timestamp=2018-12-03%2013%3A10%3A33&type=5 HTTP/1.1" 200 140 "-" "okhttp/3.10.0" "0.042" -
183.198.221.20 - - [03/Dec/2018:13:10:44 +0800] "POST /api/1/water/app/waterPointsOperator/earnPointsForOperator?appCode=1&code=1-1-01&memberId=26311767&timestamp=2018-12-03%2013%3A10%3A33&token=e7CPy9uVSdElaOL7Z9M3b4MebuFfL1iX2Qf8yuEV1URzQGN1OJdPvKQL%2BRq8ONEC%2FyAJoU927kAv%0AbwkK9MRNOvM5X7hbuwxHdwpUc74bGJ9RrDHzeobKof7ekSw9pNwo HTTP/1.1" 200 120 "-" "okhttp/3.10.0" "0.101" -
111.162.131.94 - - [03/Dec/2018:13:10:44 +0800] "GET /api/1/water/app/waterPointsOperator/getOperatorPoints?appCode=1&memberId=23279667&timestamp=2018-12-03%2013%3A10%3A42&token=e7CPy9uVSdElaOL7Z9M3b4MebuFfL1iX2Qf8yuEV1UTjMqxb4BRNKIEIRzQ7xLwpn3NPznOHY3XC%0AbtgcIOeG862%2BGSO970lzHHFHNpiw%2FNLTLGV4o34zQTEDsQ5J4tUL HTTP/1.1" 200 164 "-" "okhttp/3.10.0" "0.088" -
111.162.131.94 - - [03/Dec/2018:13:10:44 +0800] "GET /api/1/water/app/waterPointProducts/productsList?appCode=1&channel=dispenser_manageApp_Android&memberId=23279667&pageNo=1&pageSize=10&timestamp=2018-12-03%2013%3A10%3A42&token=e7CPy9uVSdElaOL7Z9M3b4MebuFfL1iX2Qf8yuEV1UTjMqxb4BRNKIEIRzQ7xLwpn3NPznOHY3XC%0AbtgcIOeG862%2BGSO970lzHHFHNpiw%2FNLTLGV4o34zQTEDsQ5J4tUL HTTP/1.1" 200 4212 "-" "okhttp/3.10.0" "0.162" -
42.236.90.249 - - [03/Dec/2018:13:10:44 +0800] "GET /api/1/water/app/waterCard/queryMember?appCode=1&cardNoOrAlias=&operatorId=94271&pageIndex=1&pageSize=10&timestamp=2018-12-03%2013%3A10%3A39&token=e7CPy9uVSdElaOL7Z9M3b4MebuFfL1iX2Qf8yuEV1UQBINcYFfXIOjFbnJ5Bmd9bD5FkmSA%2BnIIK%0AbML%2BEFTyrYmDgrb%2FUufButuac1JNKbVjtMAk06LipfHDmj%2BG9pw7&type=2 HTTP/1.1" 200 5186 "-" "okhttp/3.10.0" "0.110" -
114.135.162.79 - - [03/Dec/2018:13:10:44 +0800] "GET /api/1/water/appLogin/sendSmsValidateCodeUserCenter?appCode=2&channel=dispenser_userApp_Android&id=167&mobile=17785373087&sign=ac06d252ff9dab4cd5c77fc43799007e&timestamp=2018-12-03%2013%3A10%3A44 HTTP/1.1" 200 100 "-" "okhttp/3.10.0" "0.189" -
1.198.47.129 - - [03/Dec/2018:13:10:44 +0800] "GET /api/1/water/withOutToken/operatorHomePage?appCode=1&channel=dispenser_manageApp_Android&regionCode=411426&sign=90cee42de266a87a9850daecc1a429b5&timestamp=2018-12-03%2013%3A10%3A43 HTTP/1.1" 200 11074 "-" "okhttp/3.10.0" "0.174" -
183.198.221.20 - - [03/Dec/2018:13:10:45 +0800] "GET /api/1/water/withOutToken/operatorHomePage?appCode=1&channel=dispenser_manageApp_Android&regionCode=130303&sign=8732d11f65e08ee32f8b11c5b5227303&timestamp=2018-12-03%2013%3A10%3A34 HTTP/1.1" 200 11067 "-" "okhttp/3.10.0" "0.120" -
112.38.58.227 - - [03/Dec/2018:13:10:45 +0800] "GET /api/1/water/appLogin/checkApkVersion?appCode=1&channel=dispenser_manageApp_Android&sign=ee3694565f9168f5eabf988c0e6e652b&timestamp=2018-12-03%2013%3A11%3A22&versionCode=152 HTTP/1.1" 200 336 "-" "okhttp/3.10.0" "0.044" -
112.38.195.132 - - [03/Dec/2018:13:10:46 +0800] "GET /api/1/water/app/powerStationRelation/getByMemberId?appCode=2&memberId=-1&timestamp=2018-12-03%2013%3A10%3A40&token= HTTP/1.1" 200 100 "-" "okhttp/3.10.0" "0.038" -
112.38.58.227 - - [03/Dec/2018:13:10:46 +0800] "GET /api/1/water/app/waterEarnPoints/getUnCompleteNum?appCode=1&memberId=27105999&timestamp=2018-12-03%2013%3A11%3A22&token=e7CPy9uVSdElaOL7Z9M3b4MebuFfL1iX2Qf8yuEV1UQ%2FccK5f4c402QRg2y7DErPXqCCFqbifMQg%0AP%2F5OgovRZvOxLWkxt9BpDQtLxodbjnemvIa%2BjNNOvHpIGmqfsqL8 HTTP/1.1" 200 55 "-" "okhttp/3.10.0" "0.329" -
112.38.195.132 - - [03/Dec/2018:13:10:46 +0800] "GET /api/1/water/app/powerStationRelation/getByMemberId?appCode=2&memberId=-1&timestamp=2018-12-03%2013%3A10%3A41&token= HTTP/1.1" 200 100 "-" "okhttp/3.10.0" "0.038" -
112.38.195.132 - - [03/Dec/2018:13:10:46 +0800] "GET /api/1/water/app/waterMemberInfo/getMemberRank?appCode=2&memberId=0&timestamp=2018-12-03%2013%3A10%3A41&token= HTTP/1.1" 200 100 "-" "okhttp/3.10.0" "0.039" -
106.2.232.186 - - [03/Dec/2018:13:10:47 +0800] "GET /api/1/water/app/waterCard/queryMember?appCode=1&cardNoOrAlias=&operatorId=94271&pageIndex=2&pageSize=10&timestamp=2018-12-03%2013%3A10%3A48&token=e7CPy9uVSdElaOL7Z9M3b4MebuFfL1iX2Qf8yuEV1UQBINcYFfXIOjFbnJ5Bmd9bD5FkmSA%2BnIIK%0AbML%2BEFTyrYmDgrb%2FUufButuac1JNKbVjtMAk06LipfHDmj%2BG9pw7&type=3 HTTP/1.1" 200 5250 "-" "okhttp/3.10.0" "0.113" -
183.198.221.20 - - [03/Dec/2018:13:10:49 +0800] "GET /api/1/water/app/waterReportOperatorInfo/getMessageAndBackLogNum?appCode=1&memberId=26311767&timestamp=2018-12-03%2013%3A10%3A39&token=e7CPy9uVSdElaOL7Z9M3b4MebuFfL1iX2Qf8yuEV1URzQGN1OJdPvKQL%2BRq8ONEC%2FyAJoU927kAv%0AbwkK9MRNOvM5X7hbuwxHdwpUc74bGJ9RrDHzeobKof7ekSw9pNwo HTTP/1.1" 200 120 "-" "okhttp/3.10.0" "0.132" -
183.198.221.20 - - [03/Dec/2018:13:10:50 +0800] "GET /api/1/water/app/waterBacklog/getWaterBacklogList?appCode=1&memberId=26311767&pageNo=1&pageSize=10&status=-1&timestamp=2018-12-03%2013%3A10%3A39&token=e7CPy9uVSdElaOL7Z9M3b4MebuFfL1iX2Qf8yuEV1URzQGN1OJdPvKQL%2BRq8ONEC%2FyAJoU927kAv%0AbwkK9MRNOvM5X7hbuwxHdwpUc74bGJ9RrDHzeobKof7ekSw9pNwo HTTP/1.1" 200 1397 "-" "okhttp/3.10.0" "0.157" -
111.162.131.94 - - [03/Dec/2018:13:10:50 +0800] "GET /api/1/water/app/waterPointsOperator/getOperatorPoints?appCode=1&memberId=23279667&timestamp=2018-12-03%2013%3A10%3A48&token=e7CPy9uVSdElaOL7Z9M3b4MebuFfL1iX2Qf8yuEV1UTjMqxb4BRNKIEIRzQ7xLwpn3NPznOHY3XC%0AbtgcIOeG862%2BGSO970lzHHFHNpiw%2FNLTLGV4o34zQTEDsQ5J4tUL HTTP/1.1" 200 164 "-" "okhttp/3.10.0" "0.106" -
113.250.217.127 - - [03/Dec/2018:13:10:50 +0800] "GET /api/1/water/withOutToken/getWaterAppConfig?appCode=2&channel=dispenser_userApp_Android&sign=0ffd1e285bb36678b97cfb66a78496f2 HTTP/1.1" 200 1138 "-" "okhttp/3.10.0" "0.051" -
111.162.131.94 - - [03/Dec/2018:13:10:50 +0800] "GET /api/1/water/app/waterPointProducts/productsList?appCode=1&channel=dispenser_manageApp_Android&memberId=23279667&pageNo=1&pageSize=10&timestamp=2018-12-03%2013%3A10%3A48&token=e7CPy9uVSdElaOL7Z9M3b4MebuFfL1iX2Qf8yuEV1UTjMqxb4BRNKIEIRzQ7xLwpn3NPznOHY3XC%0AbtgcIOeG862%2BGSO970lzHHFHNpiw%2FNLTLGV4o34zQTEDsQ5J4tUL HTTP/1.1" 200 4212 "-" "okhttp/3.10.0" "0.166" -
111.35.223.211 - - [03/Dec/2018:13:10:50 +0800] "POST /api/1/water/app/waterPointsOperator/earnPointsForOperator?appCode=1&code=1-1-01&memberId=27068767&timestamp=2018-12-03%2013%3A11%3A28&token=e7CPy9uVSdElaOL7Z9M3b4MebuFfL1iX2Qf8yuEV1USWQQOwE2l3JxpBAMMLfbQDCIqqYjKHTGbb%0AAipfpzIPkL1fgKdAbRJEMi8F%2FNMUsqRrbb%2BkKuSla5DwM%2Fgulu4S HTTP/1.1" 200 120 "-" "okhttp/3.10.0" "0.119" -
113.250.217.127 - - [03/Dec/2018:13:10:51 +0800] "GET /api/1/water/withOutToken/getWaterAppConfig?appCode=2&channel=dispenser_userApp_Android&sign=0ffd1e285bb36678b97cfb66a78496f2 HTTP/1.1" 200 1138 "-" "okhttp/3.10.0" "0.044" -
113.250.217.127 - - [03/Dec/2018:13:10:51 +0800] "GET /api/1/water/withOutToken/getAdvertImg?appCode=2&channel=dispenser_userApp_Android&sign=ebba7da54267f900f64f2aad6617f12b&timestamp=2018-12-03%2013%3A10%3A51&type=1 HTTP/1.1" 200 271 "-" "okhttp/3.10.0" "0.047" -
111.162.131.94 - - [03/Dec/2018:13:10:51 +0800] "GET /api/1/water/app/waterDispenserOperator/getExamCode?appCode=1&token=e7CPy9uVSdElaOL7Z9M3b4MebuFfL1iX2Qf8yuEV1UTjMqxb4BRNKIEIRzQ7xLwpn3NPznOHY3XC%0AbtgcIOeG862%2BGSO970lzHHFHNpiw%2FNLTLGV4o34zQTEDsQ5J4tUL&timestamp=2018-12-03%2013%3A10%3A50 HTTP/1.1" 200 185 "-" "okhttp/3.10.0" "0.081" -
183.198.221.20 - - [03/Dec/2018:13:10:51 +0800] "POST /api/1/water/app/waterAppMessage/setReaded?appCode=1&id=70223045&memberId=26311767&memberName=15128526199&timestamp=2018-12-03%2013%3A10%3A41&token=e7CPy9uVSdElaOL7Z9M3b4MebuFfL1iX2Qf8yuEV1URzQGN1OJdPvKQL%2BRq8ONEC%2FyAJoU927kAv%0AbwkK9MRNOvM5X7hbuwxHdwpUc74bGJ9RrDHzeobKof7ekSw9pNwo HTTP/1.1" 200 75 "-" "okhttp/3.10.0" "0.093" -
111.162.131.94 - - [03/Dec/2018:13:10:52 +0800] "POST /api/1/water/app/waterPointsOperator/earnPointsForOperator?appCode=1&code=1-1-01&memberId=23279667&timestamp=2018-12-03%2013%3A10%3A50&token=e7CPy9uVSdElaOL7Z9M3b4MebuFfL1iX2Qf8yuEV1UTjMqxb4BRNKIEIRzQ7xLwpn3NPznOHY3XC%0AbtgcIOeG862%2BGSO970lzHHFHNpiw%2FNLTLGV4o34zQTEDsQ5J4tUL HTTP/1.1" 200 120 "-" "okhttp/3.10.0" "0.117" -
106.2.232.186 - - [03/Dec/2018:13:10:52 +0800] "GET /api/1/water/app/waterCard/queryMember?appCode=1&cardNoOrAlias=&operatorId=94271&pageIndex=3&pageSize=10&timestamp=2018-12-03%2013%3A10%3A53&token=e7CPy9uVSdElaOL7Z9M3b4MebuFfL1iX2Qf8yuEV1UQBINcYFfXIOjFbnJ5Bmd9bD5FkmSA%2BnIIK%0AbML%2BEFTyrYmDgrb%2FUufButuac1JNKbVjtMAk06LipfHDmj%2BG9pw7&type=3 HTTP/1.1" 200 5250 "-" "okhttp/3.10.0" "0.111" -
60.213.253.40 - - [03/Dec/2018:13:10:52 +0800] "GET /api/1/water/app/waterCard/queryMember?appCode=1&cardNoOrAlias=&operatorId=24541&pageIndex=4&pageSize=10&timestamp=2018-12-03%2013%3A10%3A51&token=e7CPy9uVSdElaOL7Z9M3b4MebuFfL1iX2Qf8yuEV1URr8I6bXsVjXpLyDoG7EPXImwflm11yqmMg%0AnMtVGSgWUwv8JAKHvEio5fzvjSzBlqxX53gx88nHEfzxGplFMfkY&type=3 HTTP/1.1" 200 4167 "-" "okhttp/3.10.0" "0.097" -
111.162.131.94 - - [03/Dec/2018:13:10:53 +0800] "GET /api/1/water/app/waterDispenserOperator/getOperatorOrderNum?appCode=1&memberId=23279667&operatorId=185&timestamp=2018-12-03%2013%3A10%3A50&token=e7CPy9uVSdElaOL7Z9M3b4MebuFfL1iX2Qf8yuEV1UTjMqxb4BRNKIEIRzQ7xLwpn3NPznOHY3XC%0AbtgcIOeG862%2BGSO970lzHHFHNpiw%2FNLTLGV4o34zQTEDsQ5J4tUL HTTP/1.1" 200 250 "-" "okhttp/3.10.0" "1.326" -
183.202.247.136 - - [03/Dec/2018:13:10:53 +0800] "POST /api/1/water/app/waterPointsOperator/earnPointsForOperator?appCode=1&code=1-1-01&memberId=26848503&timestamp=2018-12-03%2013%3A10%3A55&token=e7CPy9uVSdElaOL7Z9M3b4MebuFfL1iX2Qf8yuEV1URUWCqSp5kba5EMyRuozGBACpxx0EIg5%2FOt%0AxQLYj7JmO%2Fv2AyH7f3YuJ9Sh3n6O%2F%2Bh2WVgKcZreekCveRv1fszx HTTP/1.1" 200 120 "-" "okhttp/3.10.0" "0.102" -
60.213.253.40 - - [03/Dec/2018:13:10:55 +0800] "POST /api/1/water/app/waterPointsOperator/earnPointsForOperator?appCode=1&code=1-1-01&memberId=26995889&timestamp=2018-12-03%2013%3A10%3A53&token=e7CPy9uVSdElaOL7Z9M3b4MebuFfL1iX2Qf8yuEV1URr8I6bXsVjXpLyDoG7EPXImwflm11yqmMg%0AnMtVGSgWUwv8JAKHvEio5fzvjSzBlqxX53gx88nHEfzxGplFMfkY HTTP/1.1" 200 120 "-" "okhttp/3.10.0" "0.093" -
118.178.230.15 - - [03/Dec/2018:13:10:55 +0800] "POST /api/1/water/powerStationData/sendUserAllData HTTP/1.1" 200 27 "-" "Apache-HttpClient/4.5.2 (Java/1.7.0_80)" "0.481" -
183.202.247.136 - - [03/Dec/2018:13:10:56 +0800] "GET /api/1/water/withOutToken/getAdvertImg?appCode=1&channel=dispenser_manageApp_Android&sign=803020f3c386908e31f0741bd632fc02&timestamp=2018-12-03%2013%3A10%3A58&type=1 HTTP/1.1" 200 271 "-" "okhttp/3.10.0" "0.050" -
223.91.20.0 - - [03/Dec/2018:13:10:56 +0800] "GET /api/1/water/app/waterCard/queryMember?appCode=1&cardNoOrAlias=&operatorId=7057&pageIndex=2&pageSize=10&timestamp=2018-12-03%2013%3A10%3A55&token=e7CPy9uVSdElaOL7Z9M3b4MebuFfL1iX2Qf8yuEV1USMUoI2wam%2B16pXbExOG69O9BHHOS6sGvG%2B%0A5ZambRZ1pCq8Deobf5TQmE3VrU5jVNPMK9vwUdmEz8FoesRWwsRV&type=3 HTTP/1.1" 200 1073 "-" "okhttp/3.10.0" "0.093" -
125.71.42.215 - - [03/Dec/2018:13:10:56 +0800] "GET /api/1/water/withOutToken/getWaterAppConfig?appCode=2&channel=dispenser_userApp_Android&sign=0ffd1e285bb36678b97cfb66a78496f2 HTTP/1.1" 200 1138 "-" "okhttp/3.10.0" "0.046" -
113.127.82.205 - - [03/Dec/2018:13:10:57 +0800] "GET /api/1/water/app/waterReportOperatorInfo/getHomeRanking?appCode=1&operatorId=2539&timestamp=2018-12-03%2013%3A10%3A56&token=e7CPy9uVSdElaOL7Z9M3b4MebuFfL1iX2Qf8yuEV1UQtMURpCIkt96rGwppypDjG4tOaod9beJA4%0ASzjvfFLOR9wrhdpqVU3RbvFOoDpPDaq7%2FNr7XkfKoOAtEY8Z7POW HTTP/1.1" 200 619 "-" "okhttp/3.10.0" "0.207" -
113.250.217.127 - - [03/Dec/2018:13:10:57 +0800] "GET /api/1/water/app/waterPoints/getPoint?appCode=2&timestamp=2018-12-03%2013%3A10%3A57&token=DbEpNPa0dgbOC5KN0M8omEfnr8iqjA6mc7XJdQ83tBNaT87rx4dBtv5RwPqB32rXlEiXa3OkPVc4%0AcHt9aIpwgyNhIU11AblUZ3DsF5%2Fp4jzO0Pihh%2F7l7Sms6E6nKP6d HTTP/1.1" 200 164 "-" "okhttp/3.10.0" "0.087" -
113.250.217.127 - - [03/Dec/2018:13:10:57 +0800] "GET /api/1/water/app/powerStationRelation/getByMemberId?appCode=2&memberId=26395499&timestamp=2018-12-03%2013%3A10%3A57&token=DbEpNPa0dgbOC5KN0M8omEfnr8iqjA6mc7XJdQ83tBNaT87rx4dBtv5RwPqB32rXlEiXa3OkPVc4%0AcHt9aIpwgyNhIU11AblUZ3DsF5%2Fp4jzO0Pihh%2F7l7Sms6E6nKP6d HTTP/1.1" 200 55 "-" "okhttp/3.10.0" "0.092" -
113.250.217.127 - - [03/Dec/2018:13:10:58 +0800] "GET /api/1/water/appLogin/checkApkVersion?appCode=2&channel=dispenser_userApp_Android&sign=e7f58c77af35afecec8f706512c9d103&timestamp=2018-12-03%2013%3A10%3A58&versionCode=66 HTTP/1.1" 200 55 "-" "okhttp/3.10.0" "0.045" -
10.1.132.254 - - [03/Dec/2018:13:10:58 +0800] "POST /api/open/user/newSms HTTP/1.1" 200 85 "-" "-" "0.010" -
113.250.217.127 - - [03/Dec/2018:13:10:58 +0800] "GET /api/1/water/app/waterPoints/waterPointsEarn?appCode=2&pointType=04&timestamp=2018-12-03%2013%3A10%3A58&token=DbEpNPa0dgbOC5KN0M8omEfnr8iqjA6mc7XJdQ83tBNaT87rx4dBtv5RwPqB32rXlEiXa3OkPVc4%0AcHt9aIpwgyNhIU11AblUZ3DsF5%2Fp4jzO0Pihh%2F7l7Sms6E6nKP6d HTTP/1.1" 200 75 "-" "okhttp/3.10.0" "0.093" -
113.250.217.127 - - [03/Dec/2018:13:10:58 +0800] "GET /api/1/water/app/powerStationRelation/getByMemberId?appCode=2&memberId=26395499&timestamp=2018-12-03%2013%3A10%3A58&token=DbEpNPa0dgbOC5KN0M8omEfnr8iqjA6mc7XJdQ83tBNaT87rx4dBtv5RwPqB32rXlEiXa3OkPVc4%0AcHt9aIpwgyNhIU11AblUZ3DsF5%2Fp4jzO0Pihh%2F7l7Sms6E6nKP6d HTTP/1.1" 200 55 "-" "okhttp/3.10.0" "0.093" -
112.239.66.70 - - [03/Dec/2018:13:10:58 +0800] "GET /api/1/water/appLogin/checkApkVersion?appCode=1&channel=dispenser_manageApp_Android&sign=614ba260bcb3aafcb3fad8d1d1774ba4&timestamp=2018-12-03%2013%3A10%3A59&versionCode=154 HTTP/1.1" 200 55 "-" "okhttp/3.10.0" "0.044" -
112.239.66.70 - - [03/Dec/2018:13:10:59 +0800] "GET /api/1/water/app/waterEarnPoints/getUnCompleteNum?appCode=1&memberId=27156281&timestamp=2018-12-03%2013%3A10%3A59&token=e7CPy9uVSdElaOL7Z9M3b4MebuFfL1iX2Qf8yuEV1UTrChGTaJJFbt3MgMoRQrLRBIeIAxNsrvYG%0Afk5nowfv3MCAAsrj3OCkUO2DyQeEz7jQy5r5x3DyZ3ChPnR77ptC HTTP/1.1" 200 55 "-" "okhttp/3.10.0" "0.346" -
112.244.55.189 - - [03/Dec/2018:13:10:59 +0800] "GET /api/1/water/withOutToken/getAdvertImg?appCode=1&channel=dispenser_manageApp_Android&sign=ab290256215e12853561e3bc2bbf11f1&timestamp=2018-12-03%2013%3A11%3A01&type=1 HTTP/1.1" 200 271 "-" "okhttp/3.10.0" "0.046" -
113.250.217.127 - - [03/Dec/2018:13:10:59 +0800] "GET /api/1/water/app/waterPoints/getPoint?appCode=2&timestamp=2018-12-03%2013%3A10%3A59&token=DbEpNPa0dgbOC5KN0M8omEfnr8iqjA6mc7XJdQ83tBNaT87rx4dBtv5RwPqB32rXlEiXa3OkPVc4%0AcHt9aIpwgyNhIU11AblUZ3DsF5%2Fp4jzO0Pihh%2F7l7Sms6E6nKP6d HTTP/1.1" 200 164 "-" "okhttp/3.10.0" "0.086" -
183.202.247.136 - - [03/Dec/2018:13:10:59 +0800] "GET /api/1/water/appLogin/checkApkVersion?appCode=1&channel=dispenser_manageApp_Android&sign=7ca55dfb48b5173bad975a17938a713c&timestamp=2018-12-03%2013%3A11%3A01&versionCode=154 HTTP/1.1" 200 55 "-" "okhttp/3.10.0" "0.045" -
183.202.247.136 - - [03/Dec/2018:13:10:59 +0800] "GET /api/1/water/appLogin/getMallUrl?appCode=1&channel=dispenser_manageApp_Android&sign=1cd8759255914a4567ea6ef30a23b56c&timestamp=2018-12-03%2013%3A11%3A01&type=5 HTTP/1.1" 200 140 "-" "okhttp/3.10.0" "0.041" -
113.250.217.127 - - [03/Dec/2018:13:10:59 +0800] "GET /api/1/water/app/waterMemberInfo/getMemberRank?appCode=2&memberId=26395499&timestamp=2018-12-03%2013%3A10%3A59&token=DbEpNPa0dgbOC5KN0M8omEfnr8iqjA6mc7XJdQ83tBNaT87rx4dBtv5RwPqB32rXlEiXa3OkPVc4%0AcHt9aIpwgyNhIU11AblUZ3DsF5%2Fp4jzO0Pihh%2F7l7Sms6E6nKP6d HTTP/1.1" 200 75 "-" "okhttp/3.10.0" "0.081" -
183.202.247.136 - - [03/Dec/2018:13:10:59 +0800] "GET /api/1/water/app/waterEarnPoints/getUnCompleteNum?appCode=1&memberId=26848503&timestamp=2018-12-03%2013%3A11%3A01&token=e7CPy9uVSdElaOL7Z9M3b4MebuFfL1iX2Qf8yuEV1URUWCqSp5kba5EMyRuozGBACpxx0EIg5%2FOt%0AxQLYj7JmO%2Fv2AyH7f3YuJ9Sh3n6O%2F%2Bh2WVgKcZreekCveRv1fszx HTTP/1.1" 200 55 "-" "okhttp/3.10.0" "0.363" -
223.91.20.0 - - [03/Dec/2018:13:11:00 +0800] "GET /api/1/water/app/waterCard/queryMember?appCode=1&cardNoOrAlias=&operatorId=7057&pageIndex=3&pageSize=10&timestamp=2018-12-03%2013%3A10%3A59&token=e7CPy9uVSdElaOL7Z9M3b4MebuFfL1iX2Qf8yuEV1USMUoI2wam%2B16pXbExOG69O9BHHOS6sGvG%2B%0A5ZambRZ1pCq8Deobf5TQmE3VrU5jVNPMK9vwUdmEz8FoesRWwsRV&type=3 HTTP/1.1" 200 1073 "-" "okhttp/3.10.0" "0.095" -
223.104.185.243 - - [03/Dec/2018:13:11:01 +0800] "GET /api/1/water/app/waterCard/queryMember?appCode=1&cardNoOrAlias=&operatorId=119519&pageIndex=3&pageSize=10&timestamp=2018-12-03%2013%3A11%3A01&token=e7CPy9uVSdElaOL7Z9M3b4MebuFfL1iX2Qf8yuEV1US4lp9lbzg0XDGc4gZL%2F9TM75Lvgr7BduKD%0Ad69U%2FLLb5sGaSUg57YqTBJ%2ForER9Gh7gBOZeTUOmhssnMSImwWC0&type=3 HTTP/1.1" 200 4971 "-" "okhttp/3.10.0" "0.102" -
112.239.66.70 - - [03/Dec/2018:13:11:01 +0800] "GET /api/1/water/app/waterDispenser/queryDispenser?appCode=1&memberId=27156281&timestamp=2018-12-03%2013%3A11%3A01&token=e7CPy9uVSdElaOL7Z9M3b4MebuFfL1iX2Qf8yuEV1UTrChGTaJJFbt3MgMoRQrLRBIeIAxNsrvYG%0Afk5nowfv3MCAAsrj3OCkUO2DyQeEz7jQy5r5x3DyZ3ChPnR77ptC HTTP/1.1" 200 250 "-" "okhttp/3.10.0" "0.225" -
60.213.253.40 - - [03/Dec/2018:13:11:01 +0800] "GET /api/1/water/app/waterDispenserOperator/getExamCode?appCode=1&timestamp=2018-12-03%2013%3A10%3A59&token=e7CPy9uVSdElaOL7Z9M3b4MebuFfL1iX2Qf8yuEV1URr8I6bXsVjXpLyDoG7EPXImwflm11yqmMg%0AnMtVGSgWUwv8JAKHvEio5fzvjSzBlqxX53gx88nHEfzxGplFMfkY HTTP/1.1" 200 185 "-" "okhttp/3.10.0" "0.080" -
60.213.253.40 - - [03/Dec/2018:13:11:01 +0800] "GET /api/1/water/app/waterReportOperatorInfo/getHomeRanking?appCode=1&operatorId=24541&timestamp=2018-12-03%2013%3A10%3A59&token=e7CPy9uVSdElaOL7Z9M3b4MebuFfL1iX2Qf8yuEV1URr8I6bXsVjXpLyDoG7EPXImwflm11yqmMg%0AnMtVGSgWUwv8JAKHvEio5fzvjSzBlqxX53gx88nHEfzxGplFMfkY HTTP/1.1" 200 555 "-" "okhttp/3.10.0" "0.218" -
106.2.232.186 - - [03/Dec/2018:13:11:01 +0800] "GET /api/1/water/app/waterCard/queryMember?appCode=1&cardNoOrAlias=&operatorId=94271&pageIndex=1&pageSize=10&timestamp=2018-12-03%2013%3A11%3A02&token=e7CPy9uVSdElaOL7Z9M3b4MebuFfL1iX2Qf8yuEV1UQBINcYFfXIOjFbnJ5Bmd9bD5FkmSA%2BnIIK%0AbML%2BEFTyrYmDgrb%2FUufButuac1JNKbVjtMAk06LipfHDmj%2BG9pw7&type=3 HTTP/1.1" 200 5206 "-" "okhttp/3.10.0" "0.098" -
10.1.132.254 - - [03/Dec/2018:13:11:01 +0800] "POST /api/api/open/v3/orders/queryOrders HTTP/1.0" 404 949 "-" "Incutio HttpClient v0.9" "0.070" -
112.239.66.70 - - [03/Dec/2018:13:11:01 +0800] "GET /api/1/water/withOutToken/operatorHomePage?appCode=1&channel=dispenser_manageApp_Android&regionCode=370481&sign=999b050e1ddd8a47aa2f832ccccd2a5f&timestamp=2018-12-03%2013%3A11%3A01 HTTP/1.1" 200 11074 "-" "okhttp/3.10.0" "0.157" -
183.202.247.136 - - [03/Dec/2018:13:11:01 +0800] "GET /api/1/water/app/waterReportOperatorInfo/getHomeRanking?appCode=1&operatorId=19457&timestamp=2018-12-03%2013%3A11%